#-----------------------------------------------------------
# Vivado v2018.3 (64-bit)
# SW Build 2405991 on Thu Dec  6 23:38:27 MST 2018
# IP Build 2404404 on Fri Dec  7 01:43:56 MST 2018
# Start of session at: Thu Feb 21 15:01:45 2019
# Process ID: 1920
# Current directory: C:/Users/SET253-08U.HCCMAIN/Documents/GitHub/ENES247Kamran/lab3-ReusableBCDhex7segDisplayCode/0Decoder/Lab3
# Command line: vivado.exe -gui_launcher_event rodinguilauncherevent12888 C:\Users\SET253-08U.HCCMAIN\Documents\GitHub\ENES247Kamran\lab3-ReusableBCDhex7segDisplayCode\0Decoder\Lab3\Lab3.xpr
# Log file: C:/Users/SET253-08U.HCCMAIN/Documents/GitHub/ENES247Kamran/lab3-ReusableBCDhex7segDisplayCode/0Decoder/Lab3/vivado.log
# Journal file: C:/Users/SET253-08U.HCCMAIN/Documents/GitHub/ENES247Kamran/lab3-ReusableBCDhex7segDisplayCode/0Decoder/Lab3\vivado.jou
#-----------------------------------------------------------
start_gui
open_project C:/Users/SET253-08U.HCCMAIN/Documents/GitHub/ENES247Kamran/lab3-ReusableBCDhex7segDisplayCode/0Decoder/Lab3/Lab3.xpr
update_compile_order -fileset sources_1
