#-----------------------------------------------------------
# Vivado v2018.3 (64-bit)
# SW Build 2405991 on Thu Dec  6 23:38:27 MST 2018
# IP Build 2404404 on Fri Dec  7 01:43:56 MST 2018
# Start of session at: Mon May 20 21:47:26 2019
# Process ID: 16496
# Current directory: C:/Users/kamra/OneDrive/Documents/GitHub/ENES247Kamran/lab9-StopWatch/lab9_2_3/EightBitCounterWCoreGeneration/EightBitCounterWCoreGeneration.runs/c_counter_binary_0_synth_1
# Command line: vivado.exe -log c_counter_binary_0.vds -product Vivado -mode batch -messageDb vivado.pb -notrace -source c_counter_binary_0.tcl
# Log file: C:/Users/kamra/OneDrive/Documents/GitHub/ENES247Kamran/lab9-StopWatch/lab9_2_3/EightBitCounterWCoreGeneration/EightBitCounterWCoreGeneration.runs/c_counter_binary_0_synth_1/c_counter_binary_0.vds
# Journal file: C:/Users/kamra/OneDrive/Documents/GitHub/ENES247Kamran/lab9-StopWatch/lab9_2_3/EightBitCounterWCoreGeneration/EightBitCounterWCoreGeneration.runs/c_counter_binary_0_synth_1\vivado.jou
#-----------------------------------------------------------
source c_counter_binary_0.tcl -notrace
